
> ghl-contacts-clone@0.0.0 build
> tsc -b && vite build

src/pages/Property/PropertyTourPage.tsx(1,8): error TS6133: 'React' is declared but its value is never read.
src/pages/Property/PropertyTourPage.tsx(2,45): error TS6133: 'X' is declared but its value is never read.
src/pages/Property/PropertyTourPage.tsx(4,18): error TS6133: 'useFrame' is declared but its value is never read.
src/pages/Property/PropertyTourPage.tsx(5,44): error TS6133: 'DreiBox' is declared but its value is never read.
src/pages/Property/PropertyTourPage.tsx(32,36): error TS2503: Cannot find namespace 'google'.
src/pages/Property/PropertyTourPage.tsx(39,39): error TS2339: Property 'google' does not exist on type 'Window & typeof globalThis'.
src/pages/Property/PropertyTourPage.tsx(48,39): error TS2339: Property 'google' does not exist on type 'Window & typeof globalThis'.
src/pages/Property/PropertyTourPage.tsx(52,35): error TS2339: Property 'google' does not exist on type 'Window & typeof globalThis'.
src/pages/Property/PropertyTourPage.tsx(118,50): error TS2322: Type '(status: Status) => JSX.Element | null' is not assignable to type '(status: Status) => ReactElement<unknown, string | JSXElementConstructor<any>>'.
  Type 'Element | null' is not assignable to type 'ReactElement<unknown, string | JSXElementConstructor<any>>'.
    Type 'null' is not assignable to type 'ReactElement<unknown, string | JSXElementConstructor<any>>'.
